Archive member included to satisfy reference by file (symbol)

d:/workdone/stm32cubeide_1.0.2/stm32cubeide/plugins/com.st.stm32cube.ide.mcu.externaltools.gnu-tools-for-stm32.7-2018-q2-update.win32_1.0.0.201904181610/tools/bin/../lib/gcc/arm-none-eabi/7.3.1/../../../../arm-none-eabi/lib/thumb/v7-m\libc_nano.a(lib_a-errno.o)
                              Src/syscalls.o (__errno)
d:/workdone/stm32cubeide_1.0.2/stm32cubeide/plugins/com.st.stm32cube.ide.mcu.externaltools.gnu-tools-for-stm32.7-2018-q2-update.win32_1.0.0.201904181610/tools/bin/../lib/gcc/arm-none-eabi/7.3.1/../../../../arm-none-eabi/lib/thumb/v7-m\libc_nano.a(lib_a-exit.o)
                              d:/workdone/stm32cubeide_1.0.2/stm32cubeide/plugins/com.st.stm32cube.ide.mcu.externaltools.gnu-tools-for-stm32.7-2018-q2-update.win32_1.0.0.201904181610/tools/bin/../lib/gcc/arm-none-eabi/7.3.1/../../../../arm-none-eabi/lib/thumb/v7-m/crt0.o (exit)
d:/workdone/stm32cubeide_1.0.2/stm32cubeide/plugins/com.st.stm32cube.ide.mcu.externaltools.gnu-tools-for-stm32.7-2018-q2-update.win32_1.0.0.201904181610/tools/bin/../lib/gcc/arm-none-eabi/7.3.1/../../../../arm-none-eabi/lib/thumb/v7-m\libc_nano.a(lib_a-impure.o)
                              d:/workdone/stm32cubeide_1.0.2/stm32cubeide/plugins/com.st.stm32cube.ide.mcu.externaltools.gnu-tools-for-stm32.7-2018-q2-update.win32_1.0.0.201904181610/tools/bin/../lib/gcc/arm-none-eabi/7.3.1/../../../../arm-none-eabi/lib/thumb/v7-m\libc_nano.a(lib_a-exit.o) (_global_impure_ptr)
d:/workdone/stm32cubeide_1.0.2/stm32cubeide/plugins/com.st.stm32cube.ide.mcu.externaltools.gnu-tools-for-stm32.7-2018-q2-update.win32_1.0.0.201904181610/tools/bin/../lib/gcc/arm-none-eabi/7.3.1/../../../../arm-none-eabi/lib/thumb/v7-m\libc_nano.a(lib_a-init.o)
                              d:/workdone/stm32cubeide_1.0.2/stm32cubeide/plugins/com.st.stm32cube.ide.mcu.externaltools.gnu-tools-for-stm32.7-2018-q2-update.win32_1.0.0.201904181610/tools/bin/../lib/gcc/arm-none-eabi/7.3.1/../../../../arm-none-eabi/lib/thumb/v7-m/crt0.o (__libc_init_array)
d:/workdone/stm32cubeide_1.0.2/stm32cubeide/plugins/com.st.stm32cube.ide.mcu.externaltools.gnu-tools-for-stm32.7-2018-q2-update.win32_1.0.0.201904181610/tools/bin/../lib/gcc/arm-none-eabi/7.3.1/../../../../arm-none-eabi/lib/thumb/v7-m\libc_nano.a(lib_a-memset.o)
                              d:/workdone/stm32cubeide_1.0.2/stm32cubeide/plugins/com.st.stm32cube.ide.mcu.externaltools.gnu-tools-for-stm32.7-2018-q2-update.win32_1.0.0.201904181610/tools/bin/../lib/gcc/arm-none-eabi/7.3.1/../../../../arm-none-eabi/lib/thumb/v7-m/crt0.o (memset)

Allocating common symbols
Common symbol       size              file

hi2c1               0x54              Src/main.o
uwTick              0x4               Drivers/STM32L1xx_HAL_Driver/Src/stm32l1xx_hal.o
pFlash              0x18              Drivers/STM32L1xx_HAL_Driver/Src/stm32l1xx_hal_flash.o
hspi1               0x58              Src/main.o

Discarded input sections

 .text          0x0000000000000000        0x0 d:/workdone/stm32cubeide_1.0.2/stm32cubeide/plugins/com.st.stm32cube.ide.mcu.externaltools.gnu-tools-for-stm32.7-2018-q2-update.win32_1.0.0.201904181610/tools/bin/../lib/gcc/arm-none-eabi/7.3.1/thumb/v7-m/crti.o
 .data          0x0000000000000000        0x0 d:/workdone/stm32cubeide_1.0.2/stm32cubeide/plugins/com.st.stm32cube.ide.mcu.externaltools.gnu-tools-for-stm32.7-2018-q2-update.win32_1.0.0.201904181610/tools/bin/../lib/gcc/arm-none-eabi/7.3.1/thumb/v7-m/crti.o
 .bss           0x0000000000000000        0x0 d:/workdone/stm32cubeide_1.0.2/stm32cubeide/plugins/com.st.stm32cube.ide.mcu.externaltools.gnu-tools-for-stm32.7-2018-q2-update.win32_1.0.0.201904181610/tools/bin/../lib/gcc/arm-none-eabi/7.3.1/thumb/v7-m/crti.o
 .data          0x0000000000000000        0x4 d:/workdone/stm32cubeide_1.0.2/stm32cubeide/plugins/com.st.stm32cube.ide.mcu.externaltools.gnu-tools-for-stm32.7-2018-q2-update.win32_1.0.0.201904181610/tools/bin/../lib/gcc/arm-none-eabi/7.3.1/thumb/v7-m/crtbegin.o
 .text          0x0000000000000000       0x74 d:/workdone/stm32cubeide_1.0.2/stm32cubeide/plugins/com.st.stm32cube.ide.mcu.externaltools.gnu-tools-for-stm32.7-2018-q2-update.win32_1.0.0.201904181610/tools/bin/../lib/gcc/arm-none-eabi/7.3.1/../../../../arm-none-eabi/lib/thumb/v7-m/crt0.o
 .data          0x0000000000000000        0x0 d:/workdone/stm32cubeide_1.0.2/stm32cubeide/plugins/com.st.stm32cube.ide.mcu.externaltools.gnu-tools-for-stm32.7-2018-q2-update.win32_1.0.0.201904181610/tools/bin/../lib/gcc/arm-none-eabi/7.3.1/../../../../arm-none-eabi/lib/thumb/v7-m/crt0.o
 .bss           0x0000000000000000        0x0 d:/workdone/stm32cubeide_1.0.2/stm32cubeide/plugins/com.st.stm32cube.ide.mcu.externaltools.gnu-tools-for-stm32.7-2018-q2-update.win32_1.0.0.201904181610/tools/bin/../lib/gcc/arm-none-eabi/7.3.1/../../../../arm-none-eabi/lib/thumb/v7-m/crt0.o
[...]
Memory Configuration

Name             Origin             Length             Attributes
RAM              0x0000000020000000 0x0000000000008000 xrw
FLASH            0x0000000008000000 0x0000000000040000 xr
*default*        0x0000000000000000 0xffffffffffffffff

Linker script and memory map

LOAD d:/workdone/stm32cubeide_1.0.2/stm32cubeide/plugins/com.st.stm32cube.ide.mcu.externaltools.gnu-tools-for-stm32.7-2018-q2-update.win32_1.0.0.201904181610/tools/bin/../lib/gcc/arm-none-eabi/7.3.1/thumb/v7-m/crti.o
LOAD d:/workdone/stm32cubeide_1.0.2/stm32cubeide/plugins/com.st.stm32cube.ide.mcu.externaltools.gnu-tools-for-stm32.7-2018-q2-update.win32_1.0.0.201904181610/tools/bin/../lib/gcc/arm-none-eabi/7.3.1/thumb/v7-m/crtbegin.o
LOAD d:/workdone/stm32cubeide_1.0.2/stm32cubeide/plugins/com.st.stm32cube.ide.mcu.externaltools.gnu-tools-for-stm32.7-2018-q2-update.win32_1.0.0.201904181610/tools/bin/../lib/gcc/arm-none-eabi/7.3.1/../../../../arm-none-eabi/lib/thumb/v7-m/crt0.o
LOAD Drivers/STM32L1xx_HAL_Driver/Src/stm32l1xx_hal.o
LOAD Drivers/STM32L1xx_HAL_Driver/Src/stm32l1xx_hal_cortex.o
LOAD Drivers/STM32L1xx_HAL_Driver/Src/stm32l1xx_hal_dma.o
LOAD Drivers/STM32L1xx_HAL_Driver/Src/stm32l1xx_hal_flash.o
LOAD Drivers/STM32L1xx_HAL_Driver/Src/stm32l1xx_hal_flash_ex.o
LOAD Drivers/STM32L1xx_HAL_Driver/Src/stm32l1xx_hal_flash_ramfunc.o
LOAD Drivers/STM32L1xx_HAL_Driver/Src/stm32l1xx_hal_gpio.o
LOAD Drivers/STM32L1xx_HAL_Driver/Src/stm32l1xx_hal_i2c.o
LOAD Drivers/STM32L1xx_HAL_Driver/Src/stm32l1xx_hal_pwr.o
LOAD Drivers/STM32L1xx_HAL_Driver/Src/stm32l1xx_hal_pwr_ex.o
LOAD Drivers/STM32L1xx_HAL_Driver/Src/stm32l1xx_hal_rcc.o
LOAD Drivers/STM32L1xx_HAL_Driver/Src/stm32l1xx_hal_rcc_ex.o
LOAD Drivers/STM32L1xx_HAL_Driver/Src/stm32l1xx_hal_spi.o
LOAD Drivers/STM32L1xx_HAL_Driver/Src/stm32l1xx_hal_tim.o
LOAD Drivers/STM32L1xx_HAL_Driver/Src/stm32l1xx_hal_tim_ex.o
LOAD Src/OLED.o
LOAD Src/codetab.o
LOAD Src/main.o
LOAD Src/stm32l1xx_hal_msp.o
LOAD Src/stm32l1xx_it.o
LOAD Src/syscalls.o
LOAD Src/sysmem.o
LOAD Src/system_stm32l1xx.o
LOAD Startup/startup_stm32l151ccux.o
START GROUP
LOAD d:/workdone/stm32cubeide_1.0.2/stm32cubeide/plugins/com.st.stm32cube.ide.mcu.externaltools.gnu-tools-for-stm32.7-2018-q2-update.win32_1.0.0.201904181610/tools/bin/../lib/gcc/arm-none-eabi/7.3.1/../../../../arm-none-eabi/lib/thumb/v7-m\libc_nano.a
LOAD d:/workdone/stm32cubeide_1.0.2/stm32cubeide/plugins/com.st.stm32cube.ide.mcu.externaltools.gnu-tools-for-stm32.7-2018-q2-update.win32_1.0.0.201904181610/tools/bin/../lib/gcc/arm-none-eabi/7.3.1/../../../../arm-none-eabi/lib/thumb/v7-m\libm.a
END GROUP
START GROUP
LOAD d:/workdone/stm32cubeide_1.0.2/stm32cubeide/plugins/com.st.stm32cube.ide.mcu.externaltools.gnu-tools-for-stm32.7-2018-q2-update.win32_1.0.0.201904181610/tools/bin/../lib/gcc/arm-none-eabi/7.3.1/thumb/v7-m\libgcc.a
LOAD d:/workdone/stm32cubeide_1.0.2/stm32cubeide/plugins/com.st.stm32cube.ide.mcu.externaltools.gnu-tools-for-stm32.7-2018-q2-update.win32_1.0.0.201904181610/tools/bin/../lib/gcc/arm-none-eabi/7.3.1/../../../../arm-none-eabi/lib/thumb/v7-m\libc_nano.a
END GROUP
START GROUP
LOAD d:/workdone/stm32cubeide_1.0.2/stm32cubeide/plugins/com.st.stm32cube.ide.mcu.externaltools.gnu-tools-for-stm32.7-2018-q2-update.win32_1.0.0.201904181610/tools/bin/../lib/gcc/arm-none-eabi/7.3.1/thumb/v7-m\libgcc.a
LOAD d:/workdone/stm32cubeide_1.0.2/stm32cubeide/plugins/com.st.stm32cube.ide.mcu.externaltools.gnu-tools-for-stm32.7-2018-q2-update.win32_1.0.0.201904181610/tools/bin/../lib/gcc/arm-none-eabi/7.3.1/../../../../arm-none-eabi/lib/thumb/v7-m\libc_nano.a
LOAD d:/workdone/stm32cubeide_1.0.2/stm32cubeide/plugins/com.st.stm32cube.ide.mcu.externaltools.gnu-tools-for-stm32.7-2018-q2-update.win32_1.0.0.201904181610/tools/bin/../lib/gcc/arm-none-eabi/7.3.1/../../../../arm-none-eabi/lib/thumb/v7-m\libnosys.a
END GROUP
START GROUP
LOAD d:/workdone/stm32cubeide_1.0.2/stm32cubeide/plugins/com.st.stm32cube.ide.mcu.externaltools.gnu-tools-for-stm32.7-2018-q2-update.win32_1.0.0.201904181610/tools/bin/../lib/gcc/arm-none-eabi/7.3.1/thumb/v7-m\libgcc.a
LOAD d:/workdone/stm32cubeide_1.0.2/stm32cubeide/plugins/com.st.stm32cube.ide.mcu.externaltools.gnu-tools-for-stm32.7-2018-q2-update.win32_1.0.0.201904181610/tools/bin/../lib/gcc/arm-none-eabi/7.3.1/../../../../arm-none-eabi/lib/thumb/v7-m\libc_nano.a
LOAD d:/workdone/stm32cubeide_1.0.2/stm32cubeide/plugins/com.st.stm32cube.ide.mcu.externaltools.gnu-tools-for-stm32.7-2018-q2-update.win32_1.0.0.201904181610/tools/bin/../lib/gcc/arm-none-eabi/7.3.1/../../../../arm-none-eabi/lib/thumb/v7-m\libnosys.a
END GROUP
LOAD d:/workdone/stm32cubeide_1.0.2/stm32cubeide/plugins/com.st.stm32cube.ide.mcu.externaltools.gnu-tools-for-stm32.7-2018-q2-update.win32_1.0.0.201904181610/tools/bin/../lib/gcc/arm-none-eabi/7.3.1/thumb/v7-m/crtend.o
LOAD d:/workdone/stm32cubeide_1.0.2/stm32cubeide/plugins/com.st.stm32cube.ide.mcu.externaltools.gnu-tools-for-stm32.7-2018-q2-update.win32_1.0.0.201904181610/tools/bin/../lib/gcc/arm-none-eabi/7.3.1/thumb/v7-m/crtn.o
                0x0000000020008000                _estack = 0x20008000
                0x0000000000000200                _Min_Heap_Size = 0x200
                0x0000000000000400                _Min_Stack_Size = 0x400

.isr_vector     0x0000000008000000      0x13c
                0x0000000008000000                . = ALIGN (0x4)
 *(.isr_vector)
 .isr_vector    0x0000000008000000      0x13c Startup/startup_stm32l151ccux.o
                0x0000000008000000                g_pfnVectors
                0x000000000800013c                . = ALIGN (0x4)

.text           0x000000000800013c     0x2464
                0x000000000800013c                . = ALIGN (0x4)
 *(.text)
 .text          0x000000000800013c       0x40 d:/workdone/stm32cubeide_1.0.2/stm32cubeide/plugins/com.st.stm32cube.ide.mcu.externaltools.gnu-tools-for-stm32.7-2018-q2-update.win32_1.0.0.201904181610/tools/bin/../lib/gcc/arm-none-eabi/7.3.1/thumb/v7-m/crtbegin.o
 *(.text*)
 .text.HAL_Init
                0x000000000800017c       0x30 Drivers/STM32L1xx_HAL_Driver/Src/stm32l1xx_hal.o
                0x000000000800017c                HAL_Init
 .text.HAL_InitTick
                0x00000000080001ac       0x74 Drivers/STM32L1xx_HAL_Driver/Src/stm32l1xx_hal.o
                0x00000000080001ac                HAL_InitTick
 .text.HAL_IncTick
                0x0000000008000220       0x24 Drivers/STM32L1xx_HAL_Driver/Src/stm32l1xx_hal.o
                0x0000000008000220                HAL_IncTick
 .text.HAL_GetTick
                0x0000000008000244       0x14 Drivers/STM32L1xx_HAL_Driver/Src/stm32l1xx_hal.o
                0x0000000008000244                HAL_GetTick
 .text.HAL_Delay
                0x0000000008000258       0x44 Drivers/STM32L1xx_HAL_Driver/Src/stm32l1xx_hal.o
                0x0000000008000258                HAL_Delay
 .text.__NVIC_SetPriorityGrouping
                0x000000000800029c       0x48 Drivers/STM32L1xx_HAL_Driver/Src/stm32l1xx_hal_cortex.o
 .text.__NVIC_GetPriorityGrouping
                0x00000000080002e4       0x1c Drivers/STM32L1xx_HAL_Driver/Src/stm32l1xx_hal_cortex.o
 .text.__NVIC_SetPriority
                0x0000000008000300       0x54 Drivers/STM32L1xx_HAL_Driver/Src/stm32l1xx_hal_cortex.o
 .text.NVIC_EncodePriority
                0x0000000008000354       0x64 Drivers/STM32L1xx_HAL_Driver/Src/stm32l1xx_hal_cortex.o
 .text.SysTick_Config
                0x00000000080003b8       0x44 Drivers/STM32L1xx_HAL_Driver/Src/stm32l1xx_hal_cortex.o
 .text.HAL_NVIC_SetPriorityGrouping
                0x00000000080003fc       0x16 Drivers/STM32L1xx_HAL_Driver/Src/stm32l1xx_hal_cortex.o
                0x00000000080003fc                HAL_NVIC_SetPriorityGrouping
 .text.HAL_NVIC_SetPriority
                0x0000000008000412       0x38 Drivers/STM32L1xx_HAL_Driver/Src/stm32l1xx_hal_cortex.o
                0x0000000008000412                HAL_NVIC_SetPriority
 .text.HAL_SYSTICK_Config
                0x000000000800044a       0x18 Drivers/STM32L1xx_HAL_Driver/Src/stm32l1xx_hal_cortex.o
                0x000000000800044a                HAL_SYSTICK_Config
 *fill*         0x0000000008000462        0x2 
 .text.HAL_GPIO_Init
                0x0000000008000464      0x2fc Drivers/STM32L1xx_HAL_Driver/Src/stm32l1xx_hal_gpio.o
                0x0000000008000464                HAL_GPIO_Init
 .text.HAL_GPIO_WritePin
                0x0000000008000760       0x30 Drivers/STM32L1xx_HAL_Driver/Src/stm32l1xx_hal_gpio.o
                0x0000000008000760                HAL_GPIO_WritePin
 .text.HAL_I2C_Init
                0x0000000008000790      0x250 Drivers/STM32L1xx_HAL_Driver/Src/stm32l1xx_hal_i2c.o
                0x0000000008000790                HAL_I2C_Init
 .text.HAL_I2C_Mem_Write
                0x00000000080009e0      0x1f4 Drivers/STM32L1xx_HAL_Driver/Src/stm32l1xx_hal_i2c.o
                0x00000000080009e0                HAL_I2C_Mem_Write
 .text.I2C_RequestMemoryWrite
                0x0000000008000bd4      0x114 Drivers/STM32L1xx_HAL_Driver/Src/stm32l1xx_hal_i2c.o
 .text.I2C_WaitOnFlagUntilTimeout
                0x0000000008000ce8       0xae Drivers/STM32L1xx_HAL_Driver/Src/stm32l1xx_hal_i2c.o
 .text.I2C_WaitOnMasterAddressFlagUntilTimeout
                0x0000000008000d96       0xfe Drivers/STM32L1xx_HAL_Driver/Src/stm32l1xx_hal_i2c.o
 .text.I2C_WaitOnTXEFlagUntilTimeout
                0x0000000008000e94       0x82 Drivers/STM32L1xx_HAL_Driver/Src/stm32l1xx_hal_i2c.o
 .text.I2C_WaitOnBTFFlagUntilTimeout
                0x0000000008000f16       0x82 Drivers/STM32L1xx_HAL_Driver/Src/stm32l1xx_hal_i2c.o
 .text.I2C_IsAcknowledgeFailed
                0x0000000008000f98       0x5c Drivers/STM32L1xx_HAL_Driver/Src/stm32l1xx_hal_i2c.o
 .text.HAL_RCC_OscConfig
                0x0000000008000ff4      0x660 Drivers/STM32L1xx_HAL_Driver/Src/stm32l1xx_hal_rcc.o
                0x0000000008000ff4                HAL_RCC_OscConfig
 .text.HAL_RCC_ClockConfig
                0x0000000008001654      0x268 Drivers/STM32L1xx_HAL_Driver/Src/stm32l1xx_hal_rcc.o
                0x0000000008001654                HAL_RCC_ClockConfig
 .text.HAL_RCC_GetSysClockFreq
                0x00000000080018bc       0xb0 Drivers/STM32L1xx_HAL_Driver/Src/stm32l1xx_hal_rcc.o
                0x00000000080018bc                HAL_RCC_GetSysClockFreq
 .text.HAL_RCC_GetHCLKFreq
                0x000000000800196c       0x14 Drivers/STM32L1xx_HAL_Driver/Src/stm32l1xx_hal_rcc.o
                0x000000000800196c                HAL_RCC_GetHCLKFreq
 .text.HAL_RCC_GetPCLK1Freq
                0x0000000008001980       0x28 Drivers/STM32L1xx_HAL_Driver/Src/stm32l1xx_hal_rcc.o
                0x0000000008001980                HAL_RCC_GetPCLK1Freq
 .text.RCC_SetFlashLatencyFromMSIRange
                0x00000000080019a8       0xc0 Drivers/STM32L1xx_HAL_Driver/Src/stm32l1xx_hal_rcc.o
 .text.HAL_SPI_Init
                0x0000000008001a68       0xc8 Drivers/STM32L1xx_HAL_Driver/Src/stm32l1xx_hal_spi.o
                0x0000000008001a68                HAL_SPI_Init
 .text.OLED_WrCmd
                0x0000000008001b30       0x30 Src/OLED.o
                0x0000000008001b30                OLED_WrCmd
 .text.OLED_WrDat
                0x0000000008001b60       0x30 Src/OLED.o
                0x0000000008001b60                OLED_WrDat
 .text.OLED_SetPos
                0x0000000008001b90       0x4e Src/OLED.o
                0x0000000008001b90                OLED_SetPos
 .text.OLED_Fill
                0x0000000008001bde       0x58 Src/OLED.o
                0x0000000008001bde                OLED_Fill
 .text.OLED_CLS
                0x0000000008001c36        0xe Src/OLED.o
                0x0000000008001c36                OLED_CLS
 .text.OLED_Init
                0x0000000008001c44       0xd4 Src/OLED.o
                0x0000000008001c44                OLED_Init
 .text.OLED_ShowChar
                0x0000000008001d18      0x148 Src/OLED.o
                0x0000000008001d18                OLED_ShowChar
 .text.OLED_ShowCN
                0x0000000008001e60       0x90 Src/OLED.o
                0x0000000008001e60                OLED_ShowCN
 .text.OLED_DrawBMP
                0x0000000008001ef0       0x8e Src/OLED.o
                0x0000000008001ef0                OLED_DrawBMP
 *fill*         0x0000000008001f7e        0x2 
 .text.main     0x0000000008001f80      0x120 Src/main.o
                0x0000000008001f80                main
 .text.SystemClock_Config
                0x00000000080020a0       0x98 Src/main.o
                0x00000000080020a0                SystemClock_Config
 .text.MX_I2C1_Init
                0x0000000008002138       0x5c Src/main.o
 .text.MX_SPI1_Init
                0x0000000008002194       0x70 Src/main.o
 .text.MX_GPIO_Init
                0x0000000008002204       0xac Src/main.o
 .text.Error_Handler
                0x00000000080022b0        0xc Src/main.o
                0x00000000080022b0                Error_Handler
 .text.HAL_MspInit
                0x00000000080022bc       0x5c Src/stm32l1xx_hal_msp.o
                0x00000000080022bc                HAL_MspInit
 .text.HAL_I2C_MspInit
                0x0000000008002318       0x88 Src/stm32l1xx_hal_msp.o
                0x0000000008002318                HAL_I2C_MspInit
 .text.HAL_SPI_MspInit
                0x00000000080023a0       0x88 Src/stm32l1xx_hal_msp.o
                0x00000000080023a0                HAL_SPI_MspInit
 .text.NMI_Handler
                0x0000000008002428        0xc Src/stm32l1xx_it.o
                0x0000000008002428                NMI_Handler
 .text.HardFault_Handler
                0x0000000008002434        0x6 Src/stm32l1xx_it.o
                0x0000000008002434                HardFault_Handler
 .text.MemManage_Handler
                0x000000000800243a        0x6 Src/stm32l1xx_it.o
                0x000000000800243a                MemManage_Handler
 .text.BusFault_Handler
                0x0000000008002440        0x6 Src/stm32l1xx_it.o
                0x0000000008002440                BusFault_Handler
 .text.UsageFault_Handler
                0x0000000008002446        0x6 Src/stm32l1xx_it.o
                0x0000000008002446                UsageFault_Handler
 .text.SVC_Handler
                0x000000000800244c        0xc Src/stm32l1xx_it.o
                0x000000000800244c                SVC_Handler
 .text.DebugMon_Handler
                0x0000000008002458        0xc Src/stm32l1xx_it.o
                0x0000000008002458                DebugMon_Handler
 .text.PendSV_Handler
                0x0000000008002464        0xc Src/stm32l1xx_it.o
                0x0000000008002464                PendSV_Handler
 .text.SysTick_Handler
                0x0000000008002470        0xc Src/stm32l1xx_it.o
                0x0000000008002470                SysTick_Handler
 .text.SystemInit
                0x000000000800247c       0x68 Src/system_stm32l1xx.o
                0x000000000800247c                SystemInit
 .text.Reset_Handler
                0x00000000080024e4       0x48 Startup/startup_stm32l151ccux.o
                0x00000000080024e4                Reset_Handler
 .text.Default_Handler
                0x000000000800252c        0x2 Startup/startup_stm32l151ccux.o
                0x000000000800252c                RTC_Alarm_IRQHandler
                0x000000000800252c                EXTI2_IRQHandler
                0x000000000800252c                COMP_ACQ_IRQHandler
                0x000000000800252c                TIM10_IRQHandler
                0x000000000800252c                USB_HP_IRQHandler
                0x000000000800252c                TIM6_IRQHandler
                0x000000000800252c                PVD_IRQHandler
                0x000000000800252c                EXTI3_IRQHandler
                0x000000000800252c                EXTI0_IRQHandler
                0x000000000800252c                I2C2_EV_IRQHandler
                0x000000000800252c                SPI1_IRQHandler
                0x000000000800252c                USB_FS_WKUP_IRQHandler
                0x000000000800252c                DMA2_Channel2_IRQHandler
                0x000000000800252c                DMA1_Channel4_IRQHandler
                0x000000000800252c                ADC1_IRQHandler
                0x000000000800252c                USART3_IRQHandler
                0x000000000800252c                DMA1_Channel7_IRQHandler
                0x000000000800252c                TIM4_IRQHandler
                0x000000000800252c                DMA2_Channel1_IRQHandler
                0x000000000800252c                I2C1_EV_IRQHandler
                0x000000000800252c                DMA1_Channel6_IRQHandler
                0x000000000800252c                DMA2_Channel4_IRQHandler
                0x000000000800252c                TIM3_IRQHandler
                0x000000000800252c                RCC_IRQHandler
                0x000000000800252c                DMA1_Channel1_IRQHandler
                0x000000000800252c                Default_Handler
                0x000000000800252c                EXTI15_10_IRQHandler
                0x000000000800252c                TIM7_IRQHandler
                0x000000000800252c                TIM5_IRQHandler
                0x000000000800252c                EXTI9_5_IRQHandler
                0x000000000800252c                TIM9_IRQHandler
                0x000000000800252c                TAMPER_STAMP_IRQHandler
                0x000000000800252c                RTC_WKUP_IRQHandler
                0x000000000800252c                SPI2_IRQHandler
                0x000000000800252c                DMA2_Channel5_IRQHandler
                0x000000000800252c                DMA1_Channel5_IRQHandler
                0x000000000800252c                USB_LP_IRQHandler
                0x000000000800252c                EXTI4_IRQHandler
                0x000000000800252c                DMA1_Channel3_IRQHandler
                0x000000000800252c                COMP_IRQHandler
                0x000000000800252c                WWDG_IRQHandler
                0x000000000800252c                TIM2_IRQHandler
                0x000000000800252c                DAC_IRQHandler
                0x000000000800252c                EXTI1_IRQHandler
                0x000000000800252c                TIM11_IRQHandler
                0x000000000800252c                USART2_IRQHandler
                0x000000000800252c                I2C2_ER_IRQHandler
                0x000000000800252c                DMA1_Channel2_IRQHandler
                0x000000000800252c                FLASH_IRQHandler
                0x000000000800252c                USART1_IRQHandler
                0x000000000800252c                SPI3_IRQHandler
                0x000000000800252c                I2C1_ER_IRQHandler
                0x000000000800252c                DMA2_Channel3_IRQHandler
 *fill*         0x000000000800252e        0x2 
 .text.__libc_init_array
                0x0000000008002530       0x48 d:/workdone/stm32cubeide_1.0.2/stm32cubeide/plugins/com.st.stm32cube.ide.mcu.externaltools.gnu-tools-for-stm32.7-2018-q2-update.win32_1.0.0.201904181610/tools/bin/../lib/gcc/arm-none-eabi/7.3.1/../../../../arm-none-eabi/lib/thumb/v7-m\libc_nano.a(lib_a-init.o)
                0x0000000008002530                __libc_init_array
 .text.memset   0x0000000008002578       0x10 d:/workdone/stm32cubeide_1.0.2/stm32cubeide/plugins/com.st.stm32cube.ide.mcu.externaltools.gnu-tools-for-stm32.7-2018-q2-update.win32_1.0.0.201904181610/tools/bin/../lib/gcc/arm-none-eabi/7.3.1/../../../../arm-none-eabi/lib/thumb/v7-m\libc_nano.a(lib_a-memset.o)
                0x0000000008002578                memset
 *(.glue_7)
 .glue_7        0x0000000008002588        0x0 linker stubs
 *(.glue_7t)
 .glue_7t       0x0000000008002588        0x0 linker stubs
 *(.eh_frame)
 .eh_frame      0x0000000008002588        0x0 d:/workdone/stm32cubeide_1.0.2/stm32cubeide/plugins/com.st.stm32cube.ide.mcu.externaltools.gnu-tools-for-stm32.7-2018-q2-update.win32_1.0.0.201904181610/tools/bin/../lib/gcc/arm-none-eabi/7.3.1/thumb/v7-m/crtbegin.o
 *(.init)
 .init          0x0000000008002588        0x4 d:/workdone/stm32cubeide_1.0.2/stm32cubeide/plugins/com.st.stm32cube.ide.mcu.externaltools.gnu-tools-for-stm32.7-2018-q2-update.win32_1.0.0.201904181610/tools/bin/../lib/gcc/arm-none-eabi/7.3.1/thumb/v7-m/crti.o
                0x0000000008002588                _init
 .init          0x000000000800258c        0x8 d:/workdone/stm32cubeide_1.0.2/stm32cubeide/plugins/com.st.stm32cube.ide.mcu.externaltools.gnu-tools-for-stm32.7-2018-q2-update.win32_1.0.0.201904181610/tools/bin/../lib/gcc/arm-none-eabi/7.3.1/thumb/v7-m/crtn.o
 *(.fini)
 .fini          0x0000000008002594        0x4 d:/workdone/stm32cubeide_1.0.2/stm32cubeide/plugins/com.st.stm32cube.ide.mcu.externaltools.gnu-tools-for-stm32.7-2018-q2-update.win32_1.0.0.201904181610/tools/bin/../lib/gcc/arm-none-eabi/7.3.1/thumb/v7-m/crti.o
                0x0000000008002594                _fini
 .fini          0x0000000008002598        0x8 d:/workdone/stm32cubeide_1.0.2/stm32cubeide/plugins/com.st.stm32cube.ide.mcu.externaltools.gnu-tools-for-stm32.7-2018-q2-update.win32_1.0.0.201904181610/tools/bin/../lib/gcc/arm-none-eabi/7.3.1/thumb/v7-m/crtn.o
                0x00000000080025a0                . = ALIGN (0x4)
                0x00000000080025a0                _etext = .

.vfp11_veneer   0x00000000080025a0        0x0
 .vfp11_veneer  0x00000000080025a0        0x0 linker stubs

.v4_bx          0x00000000080025a0        0x0
 .v4_bx         0x00000000080025a0        0x0 linker stubs

.iplt           0x00000000080025a0        0x0
 .iplt          0x00000000080025a0        0x0 d:/workdone/stm32cubeide_1.0.2/stm32cubeide/plugins/com.st.stm32cube.ide.mcu.externaltools.gnu-tools-for-stm32.7-2018-q2-update.win32_1.0.0.201904181610/tools/bin/../lib/gcc/arm-none-eabi/7.3.1/thumb/v7-m/crtbegin.o

.rodata         0x00000000080025a0      0x874
                0x00000000080025a0                . = ALIGN (0x4)
 *(.rodata)
 .rodata        0x00000000080025a0       0x36 Src/main.o
 *(.rodata*)
 *fill*         0x00000000080025d6        0x2 
 .rodata.F6x8   0x00000000080025d8      0x228 Src/codetab.o
                0x00000000080025d8                F6x8
 .rodata.F8X16  0x0000000008002800      0x5f0 Src/codetab.o
                0x0000000008002800                F8X16
 .rodata.PLLMulTable
                0x0000000008002df0        0x9 Src/system_stm32l1xx.o
                0x0000000008002df0                PLLMulTable
 *fill*         0x0000000008002df9        0x3 
 .rodata.AHBPrescTable
                0x0000000008002dfc       0x10 Src/system_stm32l1xx.o
                0x0000000008002dfc                AHBPrescTable
 .rodata.APBPrescTable
                0x0000000008002e0c        0x8 Src/system_stm32l1xx.o
                0x0000000008002e0c                APBPrescTable
                0x0000000008002e14                . = ALIGN (0x4)

.rel.dyn        0x0000000008002e14        0x0
 .rel.iplt      0x0000000008002e14        0x0 d:/workdone/stm32cubeide_1.0.2/stm32cubeide/plugins/com.st.stm32cube.ide.mcu.externaltools.gnu-tools-for-stm32.7-2018-q2-update.win32_1.0.0.201904181610/tools/bin/../lib/gcc/arm-none-eabi/7.3.1/thumb/v7-m/crtbegin.o

.ARM.extab      0x0000000008002e14        0x0
                0x0000000008002e14                . = ALIGN (0x4)
 *(.ARM.extab* .gnu.linkonce.armextab.*)
                0x0000000008002e14                . = ALIGN (0x4)

.ARM            0x0000000008002e14        0x0
                0x0000000008002e14                . = ALIGN (0x4)
                0x0000000008002e14                __exidx_start = .
 *(.ARM.exidx*)
                0x0000000008002e14                __exidx_end = .
                0x0000000008002e14                . = ALIGN (0x4)

.preinit_array  0x0000000008002e14        0x0
                0x0000000008002e14                . = ALIGN (0x4)
                0x0000000008002e14                PROVIDE (__preinit_array_start = .)
 *(.preinit_array*)
                0x0000000008002e14                PROVIDE (__preinit_array_end = .)
                0x0000000008002e14                . = ALIGN (0x4)

.init_array     0x0000000008002e14        0x4
                0x0000000008002e14                . = ALIGN (0x4)
                0x0000000008002e14                PROVIDE (__init_array_start = .)
 *(SORT_BY_NAME(.init_array.*))
 *(.init_array*)
 .init_array    0x0000000008002e14        0x4 d:/workdone/stm32cubeide_1.0.2/stm32cubeide/plugins/com.st.stm32cube.ide.mcu.externaltools.gnu-tools-for-stm32.7-2018-q2-update.win32_1.0.0.201904181610/tools/bin/../lib/gcc/arm-none-eabi/7.3.1/thumb/v7-m/crtbegin.o
                0x0000000008002e18                PROVIDE (__init_array_end = .)
                0x0000000008002e18                . = ALIGN (0x4)

.fini_array     0x0000000008002e18        0x4
                0x0000000008002e18                . = ALIGN (0x4)
                [!provide]                        PROVIDE (__fini_array_start = .)
 *(SORT_BY_NAME(.fini_array.*))
 *(.fini_array*)
 .fini_array    0x0000000008002e18        0x4 d:/workdone/stm32cubeide_1.0.2/stm32cubeide/plugins/com.st.stm32cube.ide.mcu.externaltools.gnu-tools-for-stm32.7-2018-q2-update.win32_1.0.0.201904181610/tools/bin/../lib/gcc/arm-none-eabi/7.3.1/thumb/v7-m/crtbegin.o
                [!provide]                        PROVIDE (__fini_array_end = .)
                0x0000000008002e1c                . = ALIGN (0x4)
                0x0000000008002e1c                _sidata = LOADADDR (.data)

.data           0x0000000020000000      0x62c load address 0x0000000008002e1c
                0x0000000020000000                . = ALIGN (0x4)
                0x0000000020000000                _sdata = .
 *(.data)
 *(.data*)
 .data.uwTickPrio
                0x0000000020000000        0x4 Drivers/STM32L1xx_HAL_Driver/Src/stm32l1xx_hal.o
                0x0000000020000000                uwTickPrio
 .data.uwTickFreq
                0x0000000020000004        0x4 Drivers/STM32L1xx_HAL_Driver/Src/stm32l1xx_hal.o
                0x0000000020000004                uwTickFreq
 .data.F16x16   0x0000000020000008      0x200 Src/codetab.o
                0x0000000020000008                F16x16
 .data.BMP1     0x0000000020000208      0x420 Src/codetab.o
                0x0000000020000208                BMP1
 .data.SystemCoreClock
                0x0000000020000628        0x4 Src/system_stm32l1xx.o
                0x0000000020000628                SystemCoreClock
                0x000000002000062c                . = ALIGN (0x4)
                0x000000002000062c                _edata = .

.igot.plt       0x000000002000062c        0x0 load address 0x0000000008003448
 .igot.plt      0x000000002000062c        0x0 d:/workdone/stm32cubeide_1.0.2/stm32cubeide/plugins/com.st.stm32cube.ide.mcu.externaltools.gnu-tools-for-stm32.7-2018-q2-update.win32_1.0.0.201904181610/tools/bin/../lib/gcc/arm-none-eabi/7.3.1/thumb/v7-m/crtbegin.o
                0x000000002000062c                . = ALIGN (0x4)

.bss            0x000000002000062c       0xcc load address 0x0000000008003448
                0x000000002000062c                _sbss = .
                0x000000002000062c                __bss_start__ = _sbss
 *(.bss)
 .bss           0x000000002000062c       0x1c d:/workdone/stm32cubeide_1.0.2/stm32cubeide/plugins/com.st.stm32cube.ide.mcu.externaltools.gnu-tools-for-stm32.7-2018-q2-update.win32_1.0.0.201904181610/tools/bin/../lib/gcc/arm-none-eabi/7.3.1/thumb/v7-m/crtbegin.o
 *(.bss*)
 *(COMMON)
 COMMON         0x0000000020000648        0x4 Drivers/STM32L1xx_HAL_Driver/Src/stm32l1xx_hal.o
                0x0000000020000648                uwTick
 COMMON         0x000000002000064c       0xac Src/main.o
                0x000000002000064c                hi2c1
                0x00000000200006a0                hspi1
                0x00000000200006f8                . = ALIGN (0x4)
                0x00000000200006f8                _ebss = .
                0x00000000200006f8                __bss_end__ = _ebss

._user_heap_stack
                0x00000000200006f8      0x600 load address 0x0000000008003448
                0x00000000200006f8                . = ALIGN (0x8)
                0x00000000200006f8                PROVIDE (end = .)
                [!provide]                        PROVIDE (_end = .)
                0x00000000200008f8                . = (. + _Min_Heap_Size)
 *fill*         0x00000000200006f8      0x200 
                0x0000000020000cf8                . = (. + _Min_Stack_Size)
 *fill*         0x00000000200008f8      0x400 
                0x0000000020000cf8                . = ALIGN (0x8)

/DISCARD/
 libc.a(*)
 libm.a(*)
 libgcc.a(*)

.ARM.attributes
                0x0000000000000000       0x29
 *(.ARM.attributes)
 .ARM.attributes
                0x0000000000000000       0x1d d:/workdone/stm32cubeide_1.0.2/stm32cubeide/plugins/com.st.stm32cube.ide.mcu.externaltools.gnu-tools-for-stm32.7-2018-q2-update.win32_1.0.0.201904181610/tools/bin/../lib/gcc/arm-none-eabi/7.3.1/thumb/v7-m/crti.o
 .ARM.attributes
                0x000000000000001d       0x2d d:/workdone/stm32cubeide_1.0.2/stm32cubeide/plugins/com.st.stm32cube.ide.mcu.externaltools.gnu-tools-for-stm32.7-2018-q2-update.win32_1.0.0.201904181610/tools/bin/../lib/gcc/arm-none-eabi/7.3.1/thumb/v7-m/crtbegin.o
 .ARM.attributes
                0x000000000000004a       0x33 Drivers/STM32L1xx_HAL_Driver/Src/stm32l1xx_hal.o
 .ARM.attributes
                0x000000000000007d       0x33 Drivers/STM32L1xx_HAL_Driver/Src/stm32l1xx_hal_cortex.o
 .ARM.attributes
                0x00000000000000b0       0x33 Drivers/STM32L1xx_HAL_Driver/Src/stm32l1xx_hal_gpio.o
 .ARM.attributes
                0x00000000000000e3       0x33 Drivers/STM32L1xx_HAL_Driver/Src/stm32l1xx_hal_i2c.o
 .ARM.attributes
                0x0000000000000116       0x33 Drivers/STM32L1xx_HAL_Driver/Src/stm32l1xx_hal_rcc.o
 .ARM.attributes
                0x0000000000000149       0x33 Drivers/STM32L1xx_HAL_Driver/Src/stm32l1xx_hal_spi.o
 .ARM.attributes
                0x000000000000017c       0x33 Src/OLED.o
 .ARM.attributes
                0x00000000000001af       0x33 Src/codetab.o
 .ARM.attributes
                0x00000000000001e2       0x33 Src/main.o
 .ARM.attributes
                0x0000000000000215       0x33 Src/stm32l1xx_hal_msp.o
 .ARM.attributes
                0x0000000000000248       0x33 Src/stm32l1xx_it.o
 .ARM.attributes
                0x000000000000027b       0x33 Src/system_stm32l1xx.o
 .ARM.attributes
                0x00000000000002ae       0x21 Startup/startup_stm32l151ccux.o
 .ARM.attributes
                0x00000000000002cf       0x2d d:/workdone/stm32cubeide_1.0.2/stm32cubeide/plugins/com.st.stm32cube.ide.mcu.externaltools.gnu-tools-for-stm32.7-2018-q2-update.win32_1.0.0.201904181610/tools/bin/../lib/gcc/arm-none-eabi/7.3.1/../../../../arm-none-eabi/lib/thumb/v7-m\libc_nano.a(lib_a-init.o)
 .ARM.attributes
                0x00000000000002fc       0x2d d:/workdone/stm32cubeide_1.0.2/stm32cubeide/plugins/com.st.stm32cube.ide.mcu.externaltools.gnu-tools-for-stm32.7-2018-q2-update.win32_1.0.0.201904181610/tools/bin/../lib/gcc/arm-none-eabi/7.3.1/../../../../arm-none-eabi/lib/thumb/v7-m\libc_nano.a(lib_a-memset.o)
 .ARM.attributes
                0x0000000000000329       0x1d d:/workdone/stm32cubeide_1.0.2/stm32cubeide/plugins/com.st.stm32cube.ide.mcu.externaltools.gnu-tools-for-stm32.7-2018-q2-update.win32_1.0.0.201904181610/tools/bin/../lib/gcc/arm-none-eabi/7.3.1/thumb/v7-m/crtn.o
OUTPUT(OLED_STM32L151CCU6_SPI_IIC.elf elf32-littlearm)

.debug_info     0x0000000000000000     0x897e
 .debug_info    0x0000000000000000      0x70a Drivers/STM32L1xx_HAL_Driver/Src/stm32l1xx_hal.o
 .debug_info    0x000000000000070a      0xd72 Drivers/STM32L1xx_HAL_Driver/Src/stm32l1xx_hal_cortex.o
 .debug_info    0x000000000000147c      0x69d Drivers/STM32L1xx_HAL_Driver/Src/stm32l1xx_hal_gpio.o
 .debug_info    0x0000000000001b19     0x231d Drivers/STM32L1xx_HAL_Driver/Src/stm32l1xx_hal_i2c.o
 .debug_info    0x0000000000003e36      0x91f Drivers/STM32L1xx_HAL_Driver/Src/stm32l1xx_hal_rcc.o
 .debug_info    0x0000000000004755     0x15d7 Drivers/STM32L1xx_HAL_Driver/Src/stm32l1xx_hal_spi.o
 .debug_info    0x0000000000005d2c      0xbf4 Src/OLED.o
 .debug_info    0x0000000000006920       0xbb Src/codetab.o
 .debug_info    0x00000000000069db      0xd61 Src/main.o
 .debug_info    0x000000000000773c      0xbb1 Src/stm32l1xx_hal_msp.o
 .debug_info    0x00000000000082ed      0x1fc Src/stm32l1xx_it.o
 .debug_info    0x00000000000084e9      0x473 Src/system_stm32l1xx.o
 .debug_info    0x000000000000895c       0x22 Startup/startup_stm32l151ccux.o

.debug_abbrev   0x0000000000000000     0x153a
 .debug_abbrev  0x0000000000000000      0x21b Drivers/STM32L1xx_HAL_Driver/Src/stm32l1xx_hal.o
 .debug_abbrev  0x000000000000021b      0x2fa Drivers/STM32L1xx_HAL_Driver/Src/stm32l1xx_hal_cortex.o
 .debug_abbrev  0x0000000000000515      0x1c9 Drivers/STM32L1xx_HAL_Driver/Src/stm32l1xx_hal_gpio.o
 .debug_abbrev  0x00000000000006de      0x263 Drivers/STM32L1xx_HAL_Driver/Src/stm32l1xx_hal_i2c.o
 .debug_abbrev  0x0000000000000941      0x254 Drivers/STM32L1xx_HAL_Driver/Src/stm32l1xx_hal_rcc.o
 .debug_abbrev  0x0000000000000b95      0x240 Drivers/STM32L1xx_HAL_Driver/Src/stm32l1xx_hal_spi.o
 .debug_abbrev  0x0000000000000dd5      0x1c4 Src/OLED.o
 .debug_abbrev  0x0000000000000f99       0x4d Src/codetab.o
 .debug_abbrev  0x0000000000000fe6      0x1f9 Src/main.o
 .debug_abbrev  0x00000000000011df      0x18c Src/stm32l1xx_hal_msp.o
 .debug_abbrev  0x000000000000136b       0xac Src/stm32l1xx_it.o
 .debug_abbrev  0x0000000000001417      0x111 Src/system_stm32l1xx.o
 .debug_abbrev  0x0000000000001528       0x12 Startup/startup_stm32l151ccux.o

.debug_aranges  0x0000000000000000      0x8f8
 .debug_aranges
                0x0000000000000000       0xe0 Drivers/STM32L1xx_HAL_Driver/Src/stm32l1xx_hal.o
 .debug_aranges
                0x00000000000000e0      0x118 Drivers/STM32L1xx_HAL_Driver/Src/stm32l1xx_hal_cortex.o
 .debug_aranges
                0x00000000000001f8       0x58 Drivers/STM32L1xx_HAL_Driver/Src/stm32l1xx_hal_gpio.o
 .debug_aranges
                0x0000000000000250      0x290 Drivers/STM32L1xx_HAL_Driver/Src/stm32l1xx_hal_i2c.o
 .debug_aranges
                0x00000000000004e0       0x90 Drivers/STM32L1xx_HAL_Driver/Src/stm32l1xx_hal_rcc.o
 .debug_aranges
                0x0000000000000570      0x1d0 Drivers/STM32L1xx_HAL_Driver/Src/stm32l1xx_hal_spi.o
 .debug_aranges
                0x0000000000000740       0x68 Src/OLED.o
 .debug_aranges
                0x00000000000007a8       0x18 Src/codetab.o
 .debug_aranges
                0x00000000000007c0       0x48 Src/main.o
 .debug_aranges
                0x0000000000000808       0x40 Src/stm32l1xx_hal_msp.o
 .debug_aranges
                0x0000000000000848       0x60 Src/stm32l1xx_it.o
 .debug_aranges
                0x00000000000008a8       0x28 Src/system_stm32l1xx.o
 .debug_aranges
                0x00000000000008d0       0x28 Startup/startup_stm32l151ccux.o

.debug_ranges   0x0000000000000000      0x848
 .debug_ranges  0x0000000000000000       0xd0 Drivers/STM32L1xx_HAL_Driver/Src/stm32l1xx_hal.o
 .debug_ranges  0x00000000000000d0      0x108 Drivers/STM32L1xx_HAL_Driver/Src/stm32l1xx_hal_cortex.o
 .debug_ranges  0x00000000000001d8       0x48 Drivers/STM32L1xx_HAL_Driver/Src/stm32l1xx_hal_gpio.o
 .debug_ranges  0x0000000000000220      0x2a0 Drivers/STM32L1xx_HAL_Driver/Src/stm32l1xx_hal_i2c.o
 .debug_ranges  0x00000000000004c0       0x80 Drivers/STM32L1xx_HAL_Driver/Src/stm32l1xx_hal_rcc.o
 .debug_ranges  0x0000000000000540      0x1c0 Drivers/STM32L1xx_HAL_Driver/Src/stm32l1xx_hal_spi.o
 .debug_ranges  0x0000000000000700       0x58 Src/OLED.o
 .debug_ranges  0x0000000000000758       0x38 Src/main.o
 .debug_ranges  0x0000000000000790       0x30 Src/stm32l1xx_hal_msp.o
 .debug_ranges  0x00000000000007c0       0x50 Src/stm32l1xx_it.o
 .debug_ranges  0x0000000000000810       0x18 Src/system_stm32l1xx.o
 .debug_ranges  0x0000000000000828       0x20 Startup/startup_stm32l151ccux.o

.debug_macro    0x0000000000000000    0x14a2a
 .debug_macro   0x0000000000000000      0x1bf Drivers/STM32L1xx_HAL_Driver/Src/stm32l1xx_hal.o
 .debug_macro   0x00000000000001bf      0xa5a Drivers/STM32L1xx_HAL_Driver/Src/stm32l1xx_hal.o
 .debug_macro   0x0000000000000c19      0x10c Drivers/STM32L1xx_HAL_Driver/Src/stm32l1xx_hal.o
 .debug_macro   0x0000000000000d25       0x2e Drivers/STM32L1xx_HAL_Driver/Src/stm32l1xx_hal.o
 .debug_macro   0x0000000000000d53       0x22 Drivers/STM32L1xx_HAL_Driver/Src/stm32l1xx_hal.o
 .debug_macro   0x0000000000000d75       0x22 Drivers/STM32L1xx_HAL_Driver/Src/stm32l1xx_hal.o
 .debug_macro   0x0000000000000d97       0x8e Drivers/STM32L1xx_HAL_Driver/Src/stm32l1xx_hal.o
 .debug_macro   0x0000000000000e25       0x51 Drivers/STM32L1xx_HAL_Driver/Src/stm32l1xx_hal.o
 .debug_macro   0x0000000000000e76       0xef Drivers/STM32L1xx_HAL_Driver/Src/stm32l1xx_hal.o
 .debug_macro   0x0000000000000f65       0x6a Drivers/STM32L1xx_HAL_Driver/Src/stm32l1xx_hal.o
 .debug_macro   0x0000000000000fcf      0x1df Drivers/STM32L1xx_HAL_Driver/Src/stm32l1xx_hal.o
 .debug_macro   0x00000000000011ae       0x1c Drivers/STM32L1xx_HAL_Driver/Src/stm32l1xx_hal.o
 .debug_macro   0x00000000000011ca       0x22 Drivers/STM32L1xx_HAL_Driver/Src/stm32l1xx_hal.o
 .debug_macro   0x00000000000011ec       0xc3 Drivers/STM32L1xx_HAL_Driver/Src/stm32l1xx_hal.o
 .debug_macro   0x00000000000012af      0xe49 Drivers/STM32L1xx_HAL_Driver/Src/stm32l1xx_hal.o
 .debug_macro   0x00000000000020f8      0x11f Drivers/STM32L1xx_HAL_Driver/Src/stm32l1xx_hal.o
 .debug_macro   0x0000000000002217     0xb896 Drivers/STM32L1xx_HAL_Driver/Src/stm32l1xx_hal.o
 .debug_macro   0x000000000000daad       0x43 Drivers/STM32L1xx_HAL_Driver/Src/stm32l1xx_hal.o
 .debug_macro   0x000000000000daf0     0x3468 Drivers/STM32L1xx_HAL_Driver/Src/stm32l1xx_hal.o
 .debug_macro   0x0000000000010f58      0x174 Drivers/STM32L1xx_HAL_Driver/Src/stm32l1xx_hal.o
 .debug_macro   0x00000000000110cc       0x5b Drivers/STM32L1xx_HAL_Driver/Src/stm32l1xx_hal.o
 .debug_macro   0x0000000000011127      0xe38 Drivers/STM32L1xx_HAL_Driver/Src/stm32l1xx_hal.o
 .debug_macro   0x0000000000011f5f      0x1e2 Drivers/STM32L1xx_HAL_Driver/Src/stm32l1xx_hal.o
 .debug_macro   0x0000000000012141      0x13b Drivers/STM32L1xx_HAL_Driver/Src/stm32l1xx_hal.o
 .debug_macro   0x000000000001227c       0xb3 Drivers/STM32L1xx_HAL_Driver/Src/stm32l1xx_hal.o
 .debug_macro   0x000000000001232f      0x21e Drivers/STM32L1xx_HAL_Driver/Src/stm32l1xx_hal.o
 .debug_macro   0x000000000001254d      0x236 Drivers/STM32L1xx_HAL_Driver/Src/stm32l1xx_hal.o
 .debug_macro   0x0000000000012783      0x115 Drivers/STM32L1xx_HAL_Driver/Src/stm32l1xx_hal.o
 .debug_macro   0x0000000000012898      0x56e Drivers/STM32L1xx_HAL_Driver/Src/stm32l1xx_hal.o
 .debug_macro   0x0000000000012e06      0x280 Drivers/STM32L1xx_HAL_Driver/Src/stm32l1xx_hal.o
 .debug_macro   0x0000000000013086      0x1e9 Drivers/STM32L1xx_HAL_Driver/Src/stm32l1xx_hal.o
 .debug_macro   0x000000000001326f       0x22 Drivers/STM32L1xx_HAL_Driver/Src/stm32l1xx_hal.o
 .debug_macro   0x0000000000013291      0x225 Drivers/STM32L1xx_HAL_Driver/Src/stm32l1xx_hal.o
 .debug_macro   0x00000000000134b6      0x3ff Drivers/STM32L1xx_HAL_Driver/Src/stm32l1xx_hal.o
 .debug_macro   0x00000000000138b5      0x19b Drivers/STM32L1xx_HAL_Driver/Src/stm32l1xx_hal_cortex.o
 .debug_macro   0x0000000000013a50      0x1d3 Drivers/STM32L1xx_HAL_Driver/Src/stm32l1xx_hal_gpio.o
 .debug_macro   0x0000000000013c23      0x1db Drivers/STM32L1xx_HAL_Driver/Src/stm32l1xx_hal_i2c.o
 .debug_macro   0x0000000000013dfe      0x1ad Drivers/STM32L1xx_HAL_Driver/Src/stm32l1xx_hal_rcc.o
 .debug_macro   0x0000000000013fab      0x1a3 Drivers/STM32L1xx_HAL_Driver/Src/stm32l1xx_hal_spi.o
 .debug_macro   0x000000000001414e      0x1be Src/OLED.o
 .debug_macro   0x000000000001430c       0x28 Src/OLED.o
 .debug_macro   0x0000000000014334       0x1b Src/codetab.o
 .debug_macro   0x000000000001434f      0x1b8 Src/main.o
 .debug_macro   0x0000000000014507       0x2e Src/main.o
 .debug_macro   0x0000000000014535      0x1a5 Src/stm32l1xx_hal_msp.o
 .debug_macro   0x00000000000146da      0x1af Src/stm32l1xx_it.o
 .debug_macro   0x0000000000014889      0x1a1 Src/system_stm32l1xx.o

.debug_line     0x0000000000000000     0x7334
 .debug_line    0x0000000000000000      0x863 Drivers/STM32L1xx_HAL_Driver/Src/stm32l1xx_hal.o
 .debug_line    0x0000000000000863      0x9ae Drivers/STM32L1xx_HAL_Driver/Src/stm32l1xx_hal_cortex.o
 .debug_line    0x0000000000001211      0x819 Drivers/STM32L1xx_HAL_Driver/Src/stm32l1xx_hal_gpio.o
 .debug_line    0x0000000000001a2a     0x1a5f Drivers/STM32L1xx_HAL_Driver/Src/stm32l1xx_hal_i2c.o
 .debug_line    0x0000000000003489      0x98c Drivers/STM32L1xx_HAL_Driver/Src/stm32l1xx_hal_rcc.o
 .debug_line    0x0000000000003e15     0x103c Drivers/STM32L1xx_HAL_Driver/Src/stm32l1xx_hal_spi.o
 .debug_line    0x0000000000004e51      0x819 Src/OLED.o
 .debug_line    0x000000000000566a       0x45 Src/codetab.o
 .debug_line    0x00000000000056af      0x756 Src/main.o
 .debug_line    0x0000000000005e05      0x6e1 Src/stm32l1xx_hal_msp.o
 .debug_line    0x00000000000064e6      0x726 Src/stm32l1xx_it.o
 .debug_line    0x0000000000006c0c      0x6a9 Src/system_stm32l1xx.o
 .debug_line    0x00000000000072b5       0x7f Startup/startup_stm32l151ccux.o

.debug_str      0x0000000000000000    0x80984
 .debug_str     0x0000000000000000    0x7e5a5 Drivers/STM32L1xx_HAL_Driver/Src/stm32l1xx_hal.o
                                      0x7e8ea (size before relaxing)
 .debug_str     0x000000000007e5a5      0x41f Drivers/STM32L1xx_HAL_Driver/Src/stm32l1xx_hal_cortex.o
                                      0x7ea29 (size before relaxing)
 .debug_str     0x000000000007e9c4      0x294 Drivers/STM32L1xx_HAL_Driver/Src/stm32l1xx_hal_gpio.o
                                      0x7e4bb (size before relaxing)
 .debug_str     0x000000000007ec58      0xf51 Drivers/STM32L1xx_HAL_Driver/Src/stm32l1xx_hal_i2c.o
                                      0x7f1c9 (size before relaxing)
 .debug_str     0x000000000007fba9      0x3c4 Drivers/STM32L1xx_HAL_Driver/Src/stm32l1xx_hal_rcc.o
                                      0x7e68d (size before relaxing)
 .debug_str     0x000000000007ff6d      0x6f6 Drivers/STM32L1xx_HAL_Driver/Src/stm32l1xx_hal_spi.o
                                      0x7eaf0 (size before relaxing)
 .debug_str     0x0000000000080663      0x12f Src/OLED.o
                                      0x7e926 (size before relaxing)
 .debug_str     0x0000000000080792       0x11 Src/codetab.o
                                       0x2d1c (size before relaxing)
 .debug_str     0x00000000000807a3       0x6b Src/main.o
                                      0x7eaf5 (size before relaxing)
 .debug_str     0x000000000008080e       0x1b Src/stm32l1xx_hal_msp.o
                                      0x7e8fc (size before relaxing)
 .debug_str     0x0000000000080829       0xb8 Src/stm32l1xx_it.o
                                      0x7e21f (size before relaxing)
 .debug_str     0x00000000000808e1       0x72 Src/system_stm32l1xx.o
                                      0x7e292 (size before relaxing)
 .debug_str     0x0000000000080953       0x31 Startup/startup_stm32l151ccux.o
                                         0x78 (size before relaxing)

.comment        0x0000000000000000       0x7b
 .comment       0x0000000000000000       0x7b Drivers/STM32L1xx_HAL_Driver/Src/stm32l1xx_hal.o
                                         0x7c (size before relaxing)
 .comment       0x000000000000007b       0x7c Drivers/STM32L1xx_HAL_Driver/Src/stm32l1xx_hal_cortex.o
 .comment       0x000000000000007b       0x7c Drivers/STM32L1xx_HAL_Driver/Src/stm32l1xx_hal_gpio.o
 .comment       0x000000000000007b       0x7c Drivers/STM32L1xx_HAL_Driver/Src/stm32l1xx_hal_i2c.o
 .comment       0x000000000000007b       0x7c Drivers/STM32L1xx_HAL_Driver/Src/stm32l1xx_hal_rcc.o
 .comment       0x000000000000007b       0x7c Drivers/STM32L1xx_HAL_Driver/Src/stm32l1xx_hal_spi.o
 .comment       0x000000000000007b       0x7c Src/OLED.o
 .comment       0x000000000000007b       0x7c Src/codetab.o
 .comment       0x000000000000007b       0x7c Src/main.o
 .comment       0x000000000000007b       0x7c Src/stm32l1xx_hal_msp.o
 .comment       0x000000000000007b       0x7c Src/stm32l1xx_it.o
 .comment       0x000000000000007b       0x7c Src/system_stm32l1xx.o

.debug_frame    0x0000000000000000     0x2414
 .debug_frame   0x0000000000000000      0x33c Drivers/STM32L1xx_HAL_Driver/Src/stm32l1xx_hal.o
 .debug_frame   0x000000000000033c      0x498 Drivers/STM32L1xx_HAL_Driver/Src/stm32l1xx_hal_cortex.o
 .debug_frame   0x00000000000007d4      0x14c Drivers/STM32L1xx_HAL_Driver/Src/stm32l1xx_hal_gpio.o
 .debug_frame   0x0000000000000920      0xc08 Drivers/STM32L1xx_HAL_Driver/Src/stm32l1xx_hal_i2c.o
 .debug_frame   0x0000000000001528      0x21c Drivers/STM32L1xx_HAL_Driver/Src/stm32l1xx_hal_rcc.o
 .debug_frame   0x0000000000001744      0x824 Drivers/STM32L1xx_HAL_Driver/Src/stm32l1xx_hal_spi.o
 .debug_frame   0x0000000000001f68      0x164 Src/OLED.o
 .debug_frame   0x00000000000020cc       0xd0 Src/main.o
 .debug_frame   0x000000000000219c       0xc8 Src/stm32l1xx_hal_msp.o
 .debug_frame   0x0000000000002264      0x10c Src/stm32l1xx_it.o
 .debug_frame   0x0000000000002370       0x58 Src/system_stm32l1xx.o
 .debug_frame   0x00000000000023c8       0x2c d:/workdone/stm32cubeide_1.0.2/stm32cubeide/plugins/com.st.stm32cube.ide.mcu.externaltools.gnu-tools-for-stm32.7-2018-q2-update.win32_1.0.0.201904181610/tools/bin/../lib/gcc/arm-none-eabi/7.3.1/../../../../arm-none-eabi/lib/thumb/v7-m\libc_nano.a(lib_a-init.o)
 .debug_frame   0x00000000000023f4       0x20 d:/workdone/stm32cubeide_1.0.2/stm32cubeide/plugins/com.st.stm32cube.ide.mcu.externaltools.gnu-tools-for-stm32.7-2018-q2-update.win32_1.0.0.201904181610/tools/bin/../lib/gcc/arm-none-eabi/7.3.1/../../../../arm-none-eabi/lib/thumb/v7-m\libc_nano.a(lib_a-memset.o)
